2026-05-10 17:21:32,128 [INFO] Оролцсон байгууллага: 66 ш
2026-05-10 17:21:32,183 [INFO] Сүүлийн 24 цагт шинэ тендер: 0 ш
2026-05-10 17:21:32,183 [INFO] Сүүлийн 24 цагт оролцсон байгууллагуудаас шинэ тендер олдсонгүй.
2026-05-10 17:32:36,052 [INFO] Оролцсон байгууллага: 66 ш
2026-05-10 17:32:36,075 [INFO] Сүүлийн 24 цагт шинэ тендер: 129 ш
2026-05-10 17:32:36,983 [INFO] Teams-д 129 тендер илгээлээ. Статус: 202
2026-05-10 17:34:57,430 [INFO] Оролцсон байгууллага: 66 ш
2026-05-10 17:34:57,454 [INFO] Сүүлийн 24 цагт шинэ тендер: 129 ш
2026-05-10 17:34:58,172 [INFO] Teams-д 129 тендер илгээлээ. Статус: 202
2026-05-10 17:37:37,193 [INFO] Оролцсон байгууллага: 66 ш
2026-05-10 17:37:37,217 [INFO] Сүүлийн 24 цагт шинэ тендер: 129 ш
2026-05-10 17:37:37,892 [INFO] Teams-д 129 тендер илгээлээ. Статус: 202
2026-05-10 17:45:31,333 [INFO] Оролцсон байгууллага: 66 ш
2026-05-10 17:45:31,333 [INFO] Оролцсон байгууллага: 66 ш
2026-05-10 17:45:31,350 [INFO] Сүүлийн 24 цагт шинэ тендер: 0 ш
2026-05-10 17:45:31,350 [INFO] Сүүлийн 24 цагт шинэ тендер: 0 ш
2026-05-10 17:45:31,350 [INFO] Сүүлийн 24 цагт оролцсон байгууллагуудаас шинэ тендер олдсонгүй.
2026-05-10 17:45:31,350 [INFO] Сүүлийн 24 цагт оролцсон байгууллагуудаас шинэ тендер олдсонгүй.
2026-05-10 17:45:45,167 [INFO] Оролцсон байгууллага: 66 ш
2026-05-10 17:45:45,167 [INFO] Оролцсон байгууллага: 66 ш
2026-05-10 17:45:45,189 [INFO] Сүүлийн 24 цагт шинэ тендер: 0 ш
2026-05-10 17:45:45,189 [INFO] Сүүлийн 24 цагт шинэ тендер: 0 ш
2026-05-10 17:45:45,189 [INFO] Сүүлийн 24 цагт оролцсон байгууллагуудаас шинэ тендер олдсонгүй.
2026-05-10 17:45:45,189 [INFO] Сүүлийн 24 цагт оролцсон байгууллагуудаас шинэ тендер олдсонгүй.
2026-05-10 17:48:25,582 [INFO] Оролцсон байгууллага: 66 ш
2026-05-10 17:48:25,603 [INFO] Сүүлийн 24 цагт шинэ тендер: 0 ш
2026-05-10 17:48:25,604 [INFO] Сүүлийн 24 цагт шинэ тендер олдсонгүй — мэдэгдэл илгээж байна.
2026-05-10 17:48:26,287 [INFO] Teams-д илгээлээ. Статус: 202
2026-05-11 07:00:10,438 [INFO] Оролцсон байгууллага: 66 ш
2026-05-11 07:00:10,438 [INFO] Оролцсон байгууллага: 66 ш
2026-05-11 07:00:10,488 [INFO] Сүүлийн 24 цагт шинэ тендер: 0 ш
2026-05-11 07:00:10,488 [INFO] Сүүлийн 24 цагт шинэ тендер: 0 ш
2026-05-11 07:00:10,488 [INFO] Сүүлийн 24 цагт шинэ тендер олдсонгүй — мэдэгдэл илгээж байна.
2026-05-11 07:00:10,488 [INFO] Сүүлийн 24 цагт шинэ тендер олдсонгүй — мэдэгдэл илгээж байна.
2026-05-11 07:00:11,154 [INFO] Teams-д илгээлээ. Статус: 202
2026-05-11 07:00:11,154 [INFO] Teams-д илгээлээ. Статус: 202
2026-05-11 13:27:53,955 [INFO] Оролцсон байгууллага: 66 ш
2026-05-11 13:27:53,955 [INFO] Оролцсон байгууллага: 66 ш
2026-05-11 13:28:05,652 [INFO] Сүүлийн 24 цагт шинэ тендер: 0 ш
2026-05-11 13:28:05,652 [INFO] Сүүлийн 24 цагт шинэ тендер: 0 ш
2026-05-11 13:28:05,652 [INFO] Сүүлийн 24 цагт шинэ тендер олдсонгүй — мэдэгдэл илгээж байна.
2026-05-11 13:28:05,652 [INFO] Сүүлийн 24 цагт шинэ тендер олдсонгүй — мэдэгдэл илгээж байна.
2026-05-11 13:28:06,566 [INFO] Teams-д илгээлээ. Статус: 202
2026-05-11 13:28:06,566 [INFO] Teams-д илгээлээ. Статус: 202
2026-05-12 07:00:03,978 [INFO] Оролцсон байгууллага: 66 ш
2026-05-12 07:00:03,978 [INFO] Оролцсон байгууллага: 66 ш
2026-05-12 07:00:04,020 [INFO] Сүүлийн 24 цагт шинэ тендер: 43 ш
2026-05-12 07:00:04,020 [INFO] Сүүлийн 24 цагт шинэ тендер: 43 ш
2026-05-12 07:00:05,246 [INFO] Teams-д илгээлээ. Статус: 202
2026-05-12 07:00:05,246 [INFO] Teams-д илгээлээ. Статус: 202
2026-05-13 07:00:03,978 [INFO] Оролцсон байгууллага: 66 ш
2026-05-13 07:00:03,978 [INFO] Оролцсон байгууллага: 66 ш
2026-05-13 07:00:04,021 [INFO] Сүүлийн 24 цагт шинэ тендер: 49 ш
2026-05-13 07:00:04,021 [INFO] Сүүлийн 24 цагт шинэ тендер: 49 ш
2026-05-13 07:00:05,074 [INFO] Teams-д илгээлээ. Статус: 202
2026-05-13 07:00:05,074 [INFO] Teams-д илгээлээ. Статус: 202
2026-05-14 07:00:04,205 [INFO] Оролцсон байгууллага: 66 ш
2026-05-14 07:00:04,205 [INFO] Оролцсон байгууллага: 66 ш
2026-05-14 07:00:04,248 [INFO] Сүүлийн 24 цагт шинэ тендер: 44 ш
2026-05-14 07:00:04,248 [INFO] Сүүлийн 24 цагт шинэ тендер: 44 ш
2026-05-14 07:00:05,015 [INFO] Teams-д илгээлээ. Статус: 202
2026-05-14 07:00:05,015 [INFO] Teams-д илгээлээ. Статус: 202
